Archive member included to satisfy reference by file (symbol)

c:/program files (x86)/atmel/studio/7.0/toolchain/avr8/avr8-gnu-toolchain/bin/../lib/gcc/avr/5.4.0/../../../../avr/lib/avr5\libm.a(cmpsf2.o)
                              TIMER_program.o (__eqsf2)
c:/program files (x86)/atmel/studio/7.0/toolchain/avr8/avr8-gnu-toolchain/bin/../lib/gcc/avr/5.4.0/../../../../avr/lib/avr5\libm.a(floatsisf.o)
                              TIMER_program.o (__floatunsisf)
c:/program files (x86)/atmel/studio/7.0/toolchain/avr8/avr8-gnu-toolchain/bin/../lib/gcc/avr/5.4.0/../../../../avr/lib/avr5\libm.a(fp_cmp.o)
                              c:/program files (x86)/atmel/studio/7.0/toolchain/avr8/avr8-gnu-toolchain/bin/../lib/gcc/avr/5.4.0/../../../../avr/lib/avr5\libm.a(cmpsf2.o) (__fp_cmp)
c:/program files (x86)/atmel/studio/7.0/toolchain/avr8/avr8-gnu-toolchain/bin/../lib/gcc/avr/5.4.0/avr5\libgcc.a(_divmodhi4.o)
                              TMU_program.o (__divmodhi4)
c:/program files (x86)/atmel/studio/7.0/toolchain/avr8/avr8-gnu-toolchain/bin/../lib/gcc/avr/5.4.0/avr5\libgcc.a(_udivmodsi4.o)
                              TEMP_SENSOR_program.o (__udivmodsi4)
c:/program files (x86)/atmel/studio/7.0/toolchain/avr8/avr8-gnu-toolchain/bin/../lib/gcc/avr/5.4.0/avr5\libgcc.a(_divmodsi4.o)
                              LCD_program.o (__divmodsi4)
c:/program files (x86)/atmel/studio/7.0/toolchain/avr8/avr8-gnu-toolchain/bin/../lib/gcc/avr/5.4.0/avr5\libgcc.a(_negsi2.o)
                              c:/program files (x86)/atmel/studio/7.0/toolchain/avr8/avr8-gnu-toolchain/bin/../lib/gcc/avr/5.4.0/avr5\libgcc.a(_divmodsi4.o) (__negsi2)
c:/program files (x86)/atmel/studio/7.0/toolchain/avr8/avr8-gnu-toolchain/bin/../lib/gcc/avr/5.4.0/avr5\libgcc.a(_exit.o)
                              C:/Program Files (x86)/Atmel/Studio/7.0/Packs/atmel/ATmega_DFP/1.3.300/gcc/dev/atmega32/avr5/crtatmega32.o (exit)
c:/program files (x86)/atmel/studio/7.0/toolchain/avr8/avr8-gnu-toolchain/bin/../lib/gcc/avr/5.4.0/avr5\libgcc.a(_copy_data.o)
                              EXTI_config.o (__do_copy_data)
c:/program files (x86)/atmel/studio/7.0/toolchain/avr8/avr8-gnu-toolchain/bin/../lib/gcc/avr/5.4.0/avr5\libgcc.a(_clear_bss.o)
                              ADC_program.o (__do_clear_bss)
c:/program files (x86)/atmel/studio/7.0/toolchain/avr8/avr8-gnu-toolchain/bin/../lib/gcc/avr/5.4.0/avr5\libgcc.a(_umulhisi3.o)
                              SYSTEM_program.o (__umulhisi3)
c:/program files (x86)/atmel/studio/7.0/toolchain/avr8/avr8-gnu-toolchain/bin/../lib/gcc/avr/5.4.0/avr5\libgcc.a(_udivmodhi4.o)
                              c:/program files (x86)/atmel/studio/7.0/toolchain/avr8/avr8-gnu-toolchain/bin/../lib/gcc/avr/5.4.0/avr5\libgcc.a(_divmodhi4.o) (__udivmodhi4)

Allocating common symbols
Common symbol       size              file

Global_u16_tOne_SecondToggleFlag
                    0x2               SYSTEM_program.o
Global_u16_tDesiredTemp
                    0x2               SYSTEM_program.o
Global_Au16_tTempArr
                    0x14              SYSTEM_program.o
Global_u8_tUPSwitchFlag
                    0x1               SYSTEM_program.o
Global_u8_tDOWNSwitchFlag
                    0x1               SYSTEM_program.o
TASKS               0x1c              TMU_program.o
Global_u16_tTempRead
                    0x2               SYSTEM_program.o
Global_u8_tArrCounter
                    0x1               SYSTEM_program.o
Global_u16_tFive_SecondToggleFlag
                    0x2               SYSTEM_program.o
Global_u16_tAverageTemp
                    0x2               SYSTEM_program.o
Global_u8_tCurrentState
                    0x1               SYSTEM_program.o
Global_u8_tReadData
                    0x1               SYSTEM_program.o
Global_u8_tTempMeasureFlag
                    0x1               SYSTEM_program.o

Discarded input sections

 .data          0x00000000        0x0 C:/Program Files (x86)/Atmel/Studio/7.0/Packs/atmel/ATmega_DFP/1.3.300/gcc/dev/atmega32/avr5/crtatmega32.o
 .bss           0x00000000        0x0 C:/Program Files (x86)/Atmel/Studio/7.0/Packs/atmel/ATmega_DFP/1.3.300/gcc/dev/atmega32/avr5/crtatmega32.o
 .text          0x00000000        0x0 ADC_program.o
 .data          0x00000000        0x0 ADC_program.o
 .bss           0x00000000        0x0 ADC_program.o
 .text.ADC_enuDisableADC
                0x00000000        0x6 ADC_program.o
 .text.ADC_enuDisableADC_Intrrupt
                0x00000000        0x6 ADC_program.o
 .text.ADC_enuStartConversion
                0x00000000        0x6 ADC_program.o
 .text.ADC_enuAutoTriggerDisable
                0x00000000        0x6 ADC_program.o
 .text.ADC_enuPolling
                0x00000000        0xa ADC_program.o
 .text          0x00000000        0x0 DIO_program.o
 .data          0x00000000        0x0 DIO_program.o
 .bss           0x00000000        0x0 DIO_program.o
 .text          0x00000000        0x0 EEPROM_program.o
 .data          0x00000000        0x0 EEPROM_program.o
 .bss           0x00000000        0x0 EEPROM_program.o
 .text.EEPROM_enuReadBlockFromAddress
                0x00000000       0x24 EEPROM_program.o
 .text.EEPROM_enuWriteBlockToAddress
                0x00000000       0x2e EEPROM_program.o
 .text          0x00000000        0x0 EXTI_config.o
 .data          0x00000000        0x0 EXTI_config.o
 .bss           0x00000000        0x0 EXTI_config.o
 .text          0x00000000        0x0 EXTI_program.o
 .data          0x00000000        0x0 EXTI_program.o
 .bss           0x00000000        0x0 EXTI_program.o
 .text.EXTI_enuSetSenseLevel
                0x00000000       0xc2 EXTI_program.o
 .text.EXTI_enuDisableInterrupt
                0x00000000       0x2e EXTI_program.o
 .text.EXTI_enuCallBack
                0x00000000       0x14 EXTI_program.o
 .text          0x00000000        0x0 GIE_program.o
 .data          0x00000000        0x0 GIE_program.o
 .bss           0x00000000        0x0 GIE_program.o
 .text.GIE_enu_Disable
                0x00000000       0x10 GIE_program.o
 .text          0x00000000        0x0 HEAT_COOL_Elements_program.o
 .data          0x00000000        0x0 HEAT_COOL_Elements_program.o
 .bss           0x00000000        0x0 HEAT_COOL_Elements_program.o
 .text.HEAT_COOL_ELEMENTS_enuHeaterToggle
                0x00000000        0xc HEAT_COOL_Elements_program.o
 .text          0x00000000        0x0 LCD_program.o
 .data          0x00000000        0x0 LCD_program.o
 .bss           0x00000000        0x0 LCD_program.o
 .text.LCD_enuSendData
                0x00000000       0x1a LCD_program.o
 .text.LCD_enuSendPosition
                0x00000000       0x36 LCD_program.o
 .text.LCD_enuSendCustomCharacter
                0x00000000       0xd2 LCD_program.o
 .text          0x00000000        0x0 LED_SYSTEM_program.o
 .data          0x00000000        0x0 LED_SYSTEM_program.o
 .bss           0x00000000        0x0 LED_SYSTEM_program.o
 .text          0x00000000        0x0 main.o
 .data          0x00000000        0x0 main.o
 .bss           0x00000000        0x0 main.o
 .text          0x00000000        0x0 SEVENSEGMENT_config.o
 .data          0x00000000        0x0 SEVENSEGMENT_config.o
 .bss           0x00000000        0x0 SEVENSEGMENT_config.o
 .text          0x00000000        0x0 SEVENSEGMENT_program.o
 .data          0x00000000        0x0 SEVENSEGMENT_program.o
 .bss           0x00000000        0x0 SEVENSEGMENT_program.o
 .text.SevenSegment_enuToggleDisplay
                0x00000000       0x34 SEVENSEGMENT_program.o
 .text.SevenSegment_enuEnableDot
                0x00000000       0x38 SEVENSEGMENT_program.o
 .text.SevenSegment_enuDisableDot
                0x00000000       0x38 SEVENSEGMENT_program.o
 .text.SevenSegment_enuStopDisplay
                0x00000000      0x126 SEVENSEGMENT_program.o
 .text          0x00000000        0x0 SWITCH_config.o
 .data          0x00000000        0x0 SWITCH_config.o
 .bss           0x00000000        0x0 SWITCH_config.o
 .text          0x00000000        0x0 SWITCH_program.o
 .data          0x00000000        0x0 SWITCH_program.o
 .bss           0x00000000        0x0 SWITCH_program.o
 .text.SWITCH_enuGetState
                0x00000000        0xe SWITCH_program.o
 .text          0x00000000        0x0 SYSTEM_program.o
 .data          0x00000000        0x0 SYSTEM_program.o
 .bss           0x00000000        0x0 SYSTEM_program.o
 .text          0x00000000        0x0 TEMP_SENSOR_program.o
 .data          0x00000000        0x0 TEMP_SENSOR_program.o
 .bss           0x00000000        0x0 TEMP_SENSOR_program.o
 .text          0x00000000        0x0 TIMER_program.o
 .data          0x00000000        0x0 TIMER_program.o
 .bss           0x00000000        0x0 TIMER_program.o
 .text.TIMER0_enuInterruptDisable
                0x00000000        0xa TIMER_program.o
 .text.TIMER0_enuStopTimer
                0x00000000       0x16 TIMER_program.o
 .text.TIMER2_enuInterruptDisable
                0x00000000        0xa TIMER_program.o
 .text.TIMER2_enuStopTimer
                0x00000000       0x16 TIMER_program.o
 .text.TIMER2_enuSetCallBackDelay
                0x00000000       0x14 TIMER_program.o
 .text.TIMER1_enuInterruptDisable
                0x00000000       0x10 TIMER_program.o
 .text.TIMER1_enuStopTimer
                0x00000000       0x16 TIMER_program.o
 .text          0x00000000        0x0 TMU_program.o
 .data          0x00000000        0x0 TMU_program.o
 .bss           0x00000000        0x0 TMU_program.o
 .text.TMU_enuInit
                0x00000000       0x46 TMU_program.o
 .text.TMU_enuCreateTask
                0x00000000       0x2e TMU_program.o
 .text.TMU_enuSuspendTask
                0x00000000       0x18 TMU_program.o
 .text.TMU_enuResumeTask
                0x00000000       0x20 TMU_program.o
 .text.TMU_enuDeleteTask
                0x00000000       0x1c TMU_program.o
 .text.TMU_enuStartScheduler
                0x00000000        0xc TMU_program.o
 .debug_info    0x00000000      0x2fe TMU_program.o
 .debug_abbrev  0x00000000      0x136 TMU_program.o
 .debug_loc     0x00000000      0x13a TMU_program.o
 .debug_aranges
                0x00000000       0x48 TMU_program.o
 .debug_ranges  0x00000000       0x38 TMU_program.o
 .debug_line    0x00000000      0x190 TMU_program.o
 .debug_str     0x00000000      0x381 TMU_program.o
 .comment       0x00000000       0x31 TMU_program.o
 .debug_frame   0x00000000       0x74 TMU_program.o
 COMMON         0x00000000       0x1c TMU_program.o
 .text          0x00000000        0x0 c:/program files (x86)/atmel/studio/7.0/toolchain/avr8/avr8-gnu-toolchain/bin/../lib/gcc/avr/5.4.0/../../../../avr/lib/avr5\libm.a(cmpsf2.o)
 .data          0x00000000        0x0 c:/program files (x86)/atmel/studio/7.0/toolchain/avr8/avr8-gnu-toolchain/bin/../lib/gcc/avr/5.4.0/../../../../avr/lib/avr5\libm.a(cmpsf2.o)
 .bss           0x00000000        0x0 c:/program files (x86)/atmel/studio/7.0/toolchain/avr8/avr8-gnu-toolchain/bin/../lib/gcc/avr/5.4.0/../../../../avr/lib/avr5\libm.a(cmpsf2.o)
 .text          0x00000000        0x0 c:/program files (x86)/atmel/studio/7.0/toolchain/avr8/avr8-gnu-toolchain/bin/../lib/gcc/avr/5.4.0/../../../../avr/lib/avr5\libm.a(floatsisf.o)
 .data          0x00000000        0x0 c:/program files (x86)/atmel/studio/7.0/toolchain/avr8/avr8-gnu-toolchain/bin/../lib/gcc/avr/5.4.0/../../../../avr/lib/avr5\libm.a(floatsisf.o)
 .bss           0x00000000        0x0 c:/program files (x86)/atmel/studio/7.0/toolchain/avr8/avr8-gnu-toolchain/bin/../lib/gcc/avr/5.4.0/../../../../avr/lib/avr5\libm.a(floatsisf.o)
 .text          0x00000000        0x0 c:/program files (x86)/atmel/studio/7.0/toolchain/avr8/avr8-gnu-toolchain/bin/../lib/gcc/avr/5.4.0/../../../../avr/lib/avr5\libm.a(fp_cmp.o)
 .data          0x00000000        0x0 c:/program files (x86)/atmel/studio/7.0/toolchain/avr8/avr8-gnu-toolchain/bin/../lib/gcc/avr/5.4.0/../../../../avr/lib/avr5\libm.a(fp_cmp.o)
 .bss           0x00000000        0x0 c:/program files (x86)/atmel/studio/7.0/toolchain/avr8/avr8-gnu-toolchain/bin/../lib/gcc/avr/5.4.0/../../../../avr/lib/avr5\libm.a(fp_cmp.o)
 .text          0x00000000        0x0 c:/program files (x86)/atmel/studio/7.0/toolchain/avr8/avr8-gnu-toolchain/bin/../lib/gcc/avr/5.4.0/avr5\libgcc.a(_divmodhi4.o)
 .data          0x00000000        0x0 c:/program files (x86)/atmel/studio/7.0/toolchain/avr8/avr8-gnu-toolchain/bin/../lib/gcc/avr/5.4.0/avr5\libgcc.a(_divmodhi4.o)
 .bss           0x00000000        0x0 c:/program files (x86)/atmel/studio/7.0/toolchain/avr8/avr8-gnu-toolchain/bin/../lib/gcc/avr/5.4.0/avr5\libgcc.a(_divmodhi4.o)
 .text.libgcc.mul
                0x00000000        0x0 c:/program files (x86)/atmel/studio/7.0/toolchain/avr8/avr8-gnu-toolchain/bin/../lib/gcc/avr/5.4.0/avr5\libgcc.a(_divmodhi4.o)
 .text.libgcc.div
                0x00000000       0x28 c:/program files (x86)/atmel/studio/7.0/toolchain/avr8/avr8-gnu-toolchain/bin/../lib/gcc/avr/5.4.0/avr5\libgcc.a(_divmodhi4.o)
 .text.libgcc   0x00000000        0x0 c:/program files (x86)/atmel/studio/7.0/toolchain/avr8/avr8-gnu-toolchain/bin/../lib/gcc/avr/5.4.0/avr5\libgcc.a(_divmodhi4.o)
 .text.libgcc.prologue
                0x00000000        0x0 c:/program files (x86)/atmel/studio/7.0/toolchain/avr8/avr8-gnu-toolchain/bin/../lib/gcc/avr/5.4.0/avr5\libgcc.a(_divmodhi4.o)
 .text.libgcc.builtins
                0x00000000        0x0 c:/program files (x86)/atmel/studio/7.0/toolchain/avr8/avr8-gnu-toolchain/bin/../lib/gcc/avr/5.4.0/avr5\libgcc.a(_divmodhi4.o)
 .text.libgcc.fmul
                0x00000000        0x0 c:/program files (x86)/atmel/studio/7.0/toolchain/avr8/avr8-gnu-toolchain/bin/../lib/gcc/avr/5.4.0/avr5\libgcc.a(_divmodhi4.o)
 .text.libgcc.fixed
                0x00000000        0x0 c:/program files (x86)/atmel/studio/7.0/toolchain/avr8/avr8-gnu-toolchain/bin/../lib/gcc/avr/5.4.0/avr5\libgcc.a(_divmodhi4.o)
 .text          0x00000000        0x0 c:/program files (x86)/atmel/studio/7.0/toolchain/avr8/avr8-gnu-toolchain/bin/../lib/gcc/avr/5.4.0/avr5\libgcc.a(_udivmodsi4.o)
 .data          0x00000000        0x0 c:/program files (x86)/atmel/studio/7.0/toolchain/avr8/avr8-gnu-toolchain/bin/../lib/gcc/avr/5.4.0/avr5\libgcc.a(_udivmodsi4.o)
 .bss           0x00000000        0x0 c:/program files (x86)/atmel/studio/7.0/toolchain/avr8/avr8-gnu-toolchain/bin/../lib/gcc/avr/5.4.0/avr5\libgcc.a(_udivmodsi4.o)
 .text.libgcc.mul
                0x00000000        0x0 c:/program files (x86)/atmel/studio/7.0/toolchain/avr8/avr8-gnu-toolchain/bin/../lib/gcc/avr/5.4.0/avr5\libgcc.a(_udivmodsi4.o)
 .text.libgcc   0x00000000        0x0 c:/program files (x86)/atmel/studio/7.0/toolchain/avr8/avr8-gnu-toolchain/bin/../lib/gcc/avr/5.4.0/avr5\libgcc.a(_udivmodsi4.o)
 .text.libgcc.prologue
                0x00000000        0x0 c:/program files (x86)/atmel/studio/7.0/toolchain/avr8/avr8-gnu-toolchain/bin/../lib/gcc/avr/5.4.0/avr5\libgcc.a(_udivmodsi4.o)
 .text.libgcc.builtins
                0x00000000        0x0 c:/program files (x86)/atmel/studio/7.0/toolchain/avr8/avr8-gnu-toolchain/bin/../lib/gcc/avr/5.4.0/avr5\libgcc.a(_udivmodsi4.o)
 .text.libgcc.fmul
                0x00000000        0x0 c:/program files (x86)/atmel/studio/7.0/toolchain/avr8/avr8-gnu-toolchain/bin/../lib/gcc/avr/5.4.0/avr5\libgcc.a(_udivmodsi4.o)
 .text.libgcc.fixed
                0x00000000        0x0 c:/program files (x86)/atmel/studio/7.0/toolchain/avr8/avr8-gnu-toolchain/bin/../lib/gcc/avr/5.4.0/avr5\libgcc.a(_udivmodsi4.o)
 .text          0x00000000        0x0 c:/program files (x86)/atmel/studio/7.0/toolchain/avr8/avr8-gnu-toolchain/bin/../lib/gcc/avr/5.4.0/avr5\libgcc.a(_divmodsi4.o)
 .data          0x00000000        0x0 c:/program files (x86)/atmel/studio/7.0/toolchain/avr8/avr8-gnu-toolchain/bin/../lib/gcc/avr/5.4.0/avr5\libgcc.a(_divmodsi4.o)
 .bss           0x00000000        0x0 c:/program files (x86)/atmel/studio/7.0/toolchain/avr8/avr8-gnu-toolchain/bin/../lib/gcc/avr/5.4.0/avr5\libgcc.a(_divmodsi4.o)
 .text.libgcc.mul
                0x00000000        0x0 c:/program files (x86)/atmel/studio/7.0/toolchain/avr8/avr8-gnu-toolchain/bin/../lib/gcc/avr/5.4.0/avr5\libgcc.a(_divmodsi4.o)
 .text.libgcc   0x00000000        0x0 c:/program files (x86)/atmel/studio/7.0/toolchain/avr8/avr8-gnu-toolchain/bin/../lib/gcc/avr/5.4.0/avr5\libgcc.a(_divmodsi4.o)
 .text.libgcc.prologue
                0x00000000        0x0 c:/program files (x86)/atmel/studio/7.0/toolchain/avr8/avr8-gnu-toolchain/bin/../lib/gcc/avr/5.4.0/avr5\libgcc.a(_divmodsi4.o)
 .text.libgcc.builtins
                0x00000000        0x0 c:/program files (x86)/atmel/studio/7.0/toolchain/avr8/avr8-gnu-toolchain/bin/../lib/gcc/avr/5.4.0/avr5\libgcc.a(_divmodsi4.o)
 .text.libgcc.fmul
                0x00000000        0x0 c:/program files (x86)/atmel/studio/7.0/toolchain/avr8/avr8-gnu-toolchain/bin/../lib/gcc/avr/5.4.0/avr5\libgcc.a(_divmodsi4.o)
 .text.libgcc.fixed
                0x00000000        0x0 c:/program files (x86)/atmel/studio/7.0/toolchain/avr8/avr8-gnu-toolchain/bin/../lib/gcc/avr/5.4.0/avr5\libgcc.a(_divmodsi4.o)
 .text          0x00000000        0x0 c:/program files (x86)/atmel/studio/7.0/toolchain/avr8/avr8-gnu-toolchain/bin/../lib/gcc/avr/5.4.0/avr5\libgcc.a(_negsi2.o)
 .data          0x00000000        0x0 c:/program files (x86)/atmel/studio/7.0/toolchain/avr8/avr8-gnu-toolchain/bin/../lib/gcc/avr/5.4.0/avr5\libgcc.a(_negsi2.o)
 .bss           0x00000000        0x0 c:/program files (x86)/atmel/studio/7.0/toolchain/avr8/avr8-gnu-toolchain/bin/../lib/gcc/avr/5.4.0/avr5\libgcc.a(_negsi2.o)
 .text.libgcc.mul
                0x00000000        0x0 c:/program files (x86)/atmel/studio/7.0/toolchain/avr8/avr8-gnu-toolchain/bin/../lib/gcc/avr/5.4.0/avr5\libgcc.a(_negsi2.o)
 .text.libgcc   0x00000000        0x0 c:/program files (x86)/atmel/studio/7.0/toolchain/avr8/avr8-gnu-toolchain/bin/../lib/gcc/avr/5.4.0/avr5\libgcc.a(_negsi2.o)
 .text.libgcc.prologue
                0x00000000        0x0 c:/program files (x86)/atmel/studio/7.0/toolchain/avr8/avr8-gnu-toolchain/bin/../lib/gcc/avr/5.4.0/avr5\libgcc.a(_negsi2.o)
 .text.libgcc.builtins
                0x00000000        0x0 c:/program files (x86)/atmel/studio/7.0/toolchain/avr8/avr8-gnu-toolchain/bin/../lib/gcc/avr/5.4.0/avr5\libgcc.a(_negsi2.o)
 .text.libgcc.fmul
                0x00000000        0x0 c:/program files (x86)/atmel/studio/7.0/toolchain/avr8/avr8-gnu-toolchain/bin/../lib/gcc/avr/5.4.0/avr5\libgcc.a(_negsi2.o)
 .text.libgcc.fixed
                0x00000000        0x0 c:/program files (x86)/atmel/studio/7.0/toolchain/avr8/avr8-gnu-toolchain/bin/../lib/gcc/avr/5.4.0/avr5\libgcc.a(_negsi2.o)
 .text          0x00000000        0x0 c:/program files (x86)/atmel/studio/7.0/toolchain/avr8/avr8-gnu-toolchain/bin/../lib/gcc/avr/5.4.0/avr5\libgcc.a(_exit.o)
 .data          0x00000000        0x0 c:/program files (x86)/atmel/studio/7.0/toolchain/avr8/avr8-gnu-toolchain/bin/../lib/gcc/avr/5.4.0/avr5\libgcc.a(_exit.o)
 .bss           0x00000000        0x0 c:/program files (x86)/atmel/studio/7.0/toolchain/avr8/avr8-gnu-toolchain/bin/../lib/gcc/avr/5.4.0/avr5\libgcc.a(_exit.o)
 .text.libgcc.mul
                0x00000000        0x0 c:/program files (x86)/atmel/studio/7.0/toolchain/avr8/avr8-gnu-toolchain/bin/../lib/gcc/avr/5.4.0/avr5\libgcc.a(_exit.o)
 .text.libgcc.div
                0x00000000        0x0 c:/program files (x86)/atmel/studio/7.0/toolchain/avr8/avr8-gnu-toolchain/bin/../lib/gcc/avr/5.4.0/avr5\libgcc.a(_exit.o)
 .text.libgcc   0x00000000        0x0 c:/program files (x86)/atmel/studio/7.0/toolchain/avr8/avr8-gnu-toolchain/bin/../lib/gcc/avr/5.4.0/avr5\libgcc.a(_exit.o)
 .text.libgcc.prologue
                0x00000000        0x0 c:/program files (x86)/atmel/studio/7.0/toolchain/avr8/avr8-gnu-toolchain/bin/../lib/gcc/avr/5.4.0/avr5\libgcc.a(_exit.o)
 .text.libgcc.builtins
                0x00000000        0x0 c:/program files (x86)/atmel/studio/7.0/toolchain/avr8/avr8-gnu-toolchain/bin/../lib/gcc/avr/5.4.0/avr5\libgcc.a(_exit.o)
 .text.libgcc.fmul
                0x00000000        0x0 c:/program files (x86)/atmel/studio/7.0/toolchain/avr8/avr8-gnu-toolchain/bin/../lib/gcc/avr/5.4.0/avr5\libgcc.a(_exit.o)
 .text.libgcc.fixed
                0x00000000        0x0 c:/program files (x86)/atmel/studio/7.0/toolchain/avr8/avr8-gnu-toolchain/bin/../lib/gcc/avr/5.4.0/avr5\libgcc.a(_exit.o)
 .text          0x00000000        0x0 c:/program files (x86)/atmel/studio/7.0/toolchain/avr8/avr8-gnu-toolchain/bin/../lib/gcc/avr/5.4.0/avr5\libgcc.a(_copy_data.o)
 .data          0x00000000        0x0 c:/program files (x86)/atmel/studio/7.0/toolchain/avr8/avr8-gnu-toolchain/bin/../lib/gcc/avr/5.4.0/avr5\libgcc.a(_copy_data.o)
 .bss           0x00000000        0x0 c:/program files (x86)/atmel/studio/7.0/toolchain/avr8/avr8-gnu-toolchain/bin/../lib/gcc/avr/5.4.0/avr5\libgcc.a(_copy_data.o)
 .text.libgcc.mul
                0x00000000        0x0 c:/program files (x86)/atmel/studio/7.0/toolchain/avr8/avr8-gnu-toolchain/bin/../lib/gcc/avr/5.4.0/avr5\libgcc.a(_copy_data.o)
 .text.libgcc.div
                0x00000000        0x0 c:/program files (x86)/atmel/studio/7.0/toolchain/avr8/avr8-gnu-toolchain/bin/../lib/gcc/avr/5.4.0/avr5\libgcc.a(_copy_data.o)
 .text.libgcc   0x00000000        0x0 c:/program files (x86)/atmel/studio/7.0/toolchain/avr8/avr8-gnu-toolchain/bin/../lib/gcc/avr/5.4.0/avr5\libgcc.a(_copy_data.o)
 .text.libgcc.prologue
                0x00000000        0x0 c:/program files (x86)/atmel/studio/7.0/toolchain/avr8/avr8-gnu-toolchain/bin/../lib/gcc/avr/5.4.0/avr5\libgcc.a(_copy_data.o)
 .text.libgcc.builtins
                0x00000000        0x0 c:/program files (x86)/atmel/studio/7.0/toolchain/avr8/avr8-gnu-toolchain/bin/../lib/gcc/avr/5.4.0/avr5\libgcc.a(_copy_data.o)
 .text.libgcc.fmul
                0x00000000        0x0 c:/program files (x86)/atmel/studio/7.0/toolchain/avr8/avr8-gnu-toolchain/bin/../lib/gcc/avr/5.4.0/avr5\libgcc.a(_copy_data.o)
 .text.libgcc.fixed
                0x00000000        0x0 c:/program files (x86)/atmel/studio/7.0/toolchain/avr8/avr8-gnu-toolchain/bin/../lib/gcc/avr/5.4.0/avr5\libgcc.a(_copy_data.o)
 .text          0x00000000        0x0 c:/program files (x86)/atmel/studio/7.0/toolchain/avr8/avr8-gnu-toolchain/bin/../lib/gcc/avr/5.4.0/avr5\libgcc.a(_clear_bss.o)
 .data          0x00000000        0x0 c:/program files (x86)/atmel/studio/7.0/toolchain/avr8/avr8-gnu-toolchain/bin/../lib/gcc/avr/5.4.0/avr5\libgcc.a(_clear_bss.o)
 .bss           0x00000000        0x0 c:/program files (x86)/atmel/studio/7.0/toolchain/avr8/avr8-gnu-toolchain/bin/../lib/gcc/avr/5.4.0/avr5\libgcc.a(_clear_bss.o)
 .text.libgcc.mul
                0x00000000        0x0 c:/program files (x86)/atmel/studio/7.0/toolchain/avr8/avr8-gnu-toolchain/bin/../lib/gcc/avr/5.4.0/avr5\libgcc.a(_clear_bss.o)
 .text.libgcc.div
                0x00000000        0x0 c:/program files (x86)/atmel/studio/7.0/toolchain/avr8/avr8-gnu-toolchain/bin/../lib/gcc/avr/5.4.0/avr5\libgcc.a(_clear_bss.o)
 .text.libgcc   0x00000000        0x0 c:/program files (x86)/atmel/studio/7.0/toolchain/avr8/avr8-gnu-toolchain/bin/../lib/gcc/avr/5.4.0/avr5\libgcc.a(_clear_bss.o)
 .text.libgcc.prologue
                0x00000000        0x0 c:/program files (x86)/atmel/studio/7.0/toolchain/avr8/avr8-gnu-toolchain/bin/../lib/gcc/avr/5.4.0/avr5\libgcc.a(_clear_bss.o)
 .text.libgcc.builtins
                0x00000000        0x0 c:/program files (x86)/atmel/studio/7.0/toolchain/avr8/avr8-gnu-toolchain/bin/../lib/gcc/avr/5.4.0/avr5\libgcc.a(_clear_bss.o)
 .text.libgcc.fmul
                0x00000000        0x0 c:/program files (x86)/atmel/studio/7.0/toolchain/avr8/avr8-gnu-toolchain/bin/../lib/gcc/avr/5.4.0/avr5\libgcc.a(_clear_bss.o)
 .text.libgcc.fixed
                0x00000000        0x0 c:/program files (x86)/atmel/studio/7.0/toolchain/avr8/avr8-gnu-toolchain/bin/../lib/gcc/avr/5.4.0/avr5\libgcc.a(_clear_bss.o)
 .text          0x00000000        0x0 c:/program files (x86)/atmel/studio/7.0/toolchain/avr8/avr8-gnu-toolchain/bin/../lib/gcc/avr/5.4.0/avr5\libgcc.a(_umulhisi3.o)
 .data          0x00000000        0x0 c:/program files (x86)/atmel/studio/7.0/toolchain/avr8/avr8-gnu-toolchain/bin/../lib/gcc/avr/5.4.0/avr5\libgcc.a(_umulhisi3.o)
 .bss           0x00000000        0x0 c:/program files (x86)/atmel/studio/7.0/toolchain/avr8/avr8-gnu-toolchain/bin/../lib/gcc/avr/5.4.0/avr5\libgcc.a(_umulhisi3.o)
 .text.libgcc.div
                0x00000000        0x0 c:/program files (x86)/atmel/studio/7.0/toolchain/avr8/avr8-gnu-toolchain/bin/../lib/gcc/avr/5.4.0/avr5\libgcc.a(_umulhisi3.o)
 .text.libgcc   0x00000000        0x0 c:/program files (x86)/atmel/studio/7.0/toolchain/avr8/avr8-gnu-toolchain/bin/../lib/gcc/avr/5.4.0/avr5\libgcc.a(_umulhisi3.o)
 .text.libgcc.prologue
                0x00000000        0x0 c:/program files (x86)/atmel/studio/7.0/toolchain/avr8/avr8-gnu-toolchain/bin/../lib/gcc/avr/5.4.0/avr5\libgcc.a(_umulhisi3.o)
 .text.libgcc.builtins
                0x00000000        0x0 c:/program files (x86)/atmel/studio/7.0/toolchain/avr8/avr8-gnu-toolchain/bin/../lib/gcc/avr/5.4.0/avr5\libgcc.a(_umulhisi3.o)
 .text.libgcc.fmul
                0x00000000        0x0 c:/program files (x86)/atmel/studio/7.0/toolchain/avr8/avr8-gnu-toolchain/bin/../lib/gcc/avr/5.4.0/avr5\libgcc.a(_umulhisi3.o)
 .text.libgcc.fixed
                0x00000000        0x0 c:/program files (x86)/atmel/studio/7.0/toolchain/avr8/avr8-gnu-toolchain/bin/../lib/gcc/avr/5.4.0/avr5\libgcc.a(_umulhisi3.o)
 .text          0x00000000        0x0 c:/program files (x86)/atmel/studio/7.0/toolchain/avr8/avr8-gnu-toolchain/bin/../lib/gcc/avr/5.4.0/avr5\libgcc.a(_udivmodhi4.o)
 .data          0x00000000        0x0 c:/program files (x86)/atmel/studio/7.0/toolchain/avr8/avr8-gnu-toolchain/bin/../lib/gcc/avr/5.4.0/avr5\libgcc.a(_udivmodhi4.o)
 .bss           0x00000000        0x0 c:/program files (x86)/atmel/studio/7.0/toolchain/avr8/avr8-gnu-toolchain/bin/../lib/gcc/avr/5.4.0/avr5\libgcc.a(_udivmodhi4.o)
 .text.libgcc.mul
                0x00000000        0x0 c:/program files (x86)/atmel/studio/7.0/toolchain/avr8/avr8-gnu-toolchain/bin/../lib/gcc/avr/5.4.0/avr5\libgcc.a(_udivmodhi4.o)
 .text.libgcc.div
                0x00000000       0x28 c:/program files (x86)/atmel/studio/7.0/toolchain/avr8/avr8-gnu-toolchain/bin/../lib/gcc/avr/5.4.0/avr5\libgcc.a(_udivmodhi4.o)
 .text.libgcc   0x00000000        0x0 c:/program files (x86)/atmel/studio/7.0/toolchain/avr8/avr8-gnu-toolchain/bin/../lib/gcc/avr/5.4.0/avr5\libgcc.a(_udivmodhi4.o)
 .text.libgcc.prologue
                0x00000000        0x0 c:/program files (x86)/atmel/studio/7.0/toolchain/avr8/avr8-gnu-toolchain/bin/../lib/gcc/avr/5.4.0/avr5\libgcc.a(_udivmodhi4.o)
 .text.libgcc.builtins
                0x00000000        0x0 c:/program files (x86)/atmel/studio/7.0/toolchain/avr8/avr8-gnu-toolchain/bin/../lib/gcc/avr/5.4.0/avr5\libgcc.a(_udivmodhi4.o)
 .text.libgcc.fmul
                0x00000000        0x0 c:/program files (x86)/atmel/studio/7.0/toolchain/avr8/avr8-gnu-toolchain/bin/../lib/gcc/avr/5.4.0/avr5\libgcc.a(_udivmodhi4.o)
 .text.libgcc.fixed
                0x00000000        0x0 c:/program files (x86)/atmel/studio/7.0/toolchain/avr8/avr8-gnu-toolchain/bin/../lib/gcc/avr/5.4.0/avr5\libgcc.a(_udivmodhi4.o)

Memory Configuration

Name             Origin             Length             Attributes
text             0x00000000         0x00020000         xr
data             0x00800060         0x0000ffa0         rw !x
eeprom           0x00810000         0x00010000         rw !x
fuse             0x00820000         0x00000002         rw !x
lock             0x00830000         0x00000400         rw !x
signature        0x00840000         0x00000400         rw !x
user_signatures  0x00850000         0x00000400         rw !x
*default*        0x00000000         0xffffffff

Linker script and memory map

LOAD C:/Program Files (x86)/Atmel/Studio/7.0/Packs/atmel/ATmega_DFP/1.3.300/gcc/dev/atmega32/avr5/crtatmega32.o
LOAD ADC_program.o
LOAD DIO_program.o
LOAD EEPROM_program.o
LOAD EXTI_config.o
LOAD EXTI_program.o
LOAD GIE_program.o
LOAD HEAT_COOL_Elements_program.o
LOAD LCD_program.o
LOAD LED_SYSTEM_program.o
LOAD main.o
LOAD SEVENSEGMENT_config.o
LOAD SEVENSEGMENT_program.o
LOAD SWITCH_config.o
LOAD SWITCH_program.o
LOAD SYSTEM_program.o
LOAD TEMP_SENSOR_program.o
LOAD TIMER_program.o
LOAD TMU_program.o
START GROUP
LOAD c:/program files (x86)/atmel/studio/7.0/toolchain/avr8/avr8-gnu-toolchain/bin/../lib/gcc/avr/5.4.0/../../../../avr/lib/avr5\libm.a
END GROUP
START GROUP
LOAD c:/program files (x86)/atmel/studio/7.0/toolchain/avr8/avr8-gnu-toolchain/bin/../lib/gcc/avr/5.4.0/avr5\libgcc.a
LOAD c:/program files (x86)/atmel/studio/7.0/toolchain/avr8/avr8-gnu-toolchain/bin/../lib/gcc/avr/5.4.0/../../../../avr/lib/avr5\libm.a
LOAD c:/program files (x86)/atmel/studio/7.0/toolchain/avr8/avr8-gnu-toolchain/bin/../lib/gcc/avr/5.4.0/../../../../avr/lib/avr5\libc.a
LOAD C:/Program Files (x86)/Atmel/Studio/7.0/Packs/atmel/ATmega_DFP/1.3.300/gcc/dev/atmega32/avr5\libatmega32.a
END GROUP
                0x00000000                __TEXT_REGION_ORIGIN__ = DEFINED (__TEXT_REGION_ORIGIN__)?__TEXT_REGION_ORIGIN__:0x0
                0x00800060                __DATA_REGION_ORIGIN__ = DEFINED (__DATA_REGION_ORIGIN__)?__DATA_REGION_ORIGIN__:0x800060
                0x00020000                __TEXT_REGION_LENGTH__ = DEFINED (__TEXT_REGION_LENGTH__)?__TEXT_REGION_LENGTH__:0x20000
                0x0000ffa0                __DATA_REGION_LENGTH__ = DEFINED (__DATA_REGION_LENGTH__)?__DATA_REGION_LENGTH__:0xffa0
                0x00010000                __EEPROM_REGION_LENGTH__ = DEFINED (__EEPROM_REGION_LENGTH__)?__EEPROM_REGION_LENGTH__:0x10000
                [0x00000002]                __FUSE_REGION_LENGTH__ = DEFINED (__FUSE_REGION_LENGTH__)?__FUSE_REGION_LENGTH__:0x400
                0x00000400                __LOCK_REGION_LENGTH__ = DEFINED (__LOCK_REGION_LENGTH__)?__LOCK_REGION_LENGTH__:0x400
                0x00000400                __SIGNATURE_REGION_LENGTH__ = DEFINED (__SIGNATURE_REGION_LENGTH__)?__SIGNATURE_REGION_LENGTH__:0x400
                0x00000400                __USER_SIGNATURE_REGION_LENGTH__ = DEFINED (__USER_SIGNATURE_REGION_LENGTH__)?__USER_SIGNATURE_REGION_LENGTH__:0x400

.hash
 *(.hash)

.dynsym
 *(.dynsym)

.dynstr
 *(.dynstr)

.gnu.version
 *(.gnu.version)

.gnu.version_d
 *(.gnu.version_d)

.gnu.version_r
 *(.gnu.version_r)

.rel.init
 *(.rel.init)

.rela.init
 *(.rela.init)

.rel.text
 *(.rel.text)
 *(.rel.text.*)
 *(.rel.gnu.linkonce.t*)

.rela.text
 *(.rela.text)
 *(.rela.text.*)
 *(.rela.gnu.linkonce.t*)

.rel.fini
 *(.rel.fini)

.rela.fini
 *(.rela.fini)

.rel.rodata
 *(.rel.rodata)
 *(.rel.rodata.*)
 *(.rel.gnu.linkonce.r*)

.rela.rodata
 *(.rela.rodata)
 *(.rela.rodata.*)
 *(.rela.gnu.linkonce.r*)

.rel.data
 *(.rel.data)
 *(.rel.data.*)
 *(.rel.gnu.linkonce.d*)

.rela.data
 *(.rela.data)
 *(.rela.data.*)
 *(.rela.gnu.linkonce.d*)

.rel.ctors
 *(.rel.ctors)

.rela.ctors
 *(.rela.ctors)

.rel.dtors
 *(.rel.dtors)

.rela.dtors
 *(.rela.dtors)

.rel.got
 *(.rel.got)

.rela.got
 *(.rela.got)

.rel.bss
 *(.rel.bss)

.rela.bss
 *(.rela.bss)

.rel.plt
 *(.rel.plt)

.rela.plt
 *(.rela.plt)

.text           0x00000000     0x1b72
 *(.vectors)
 .vectors       0x00000000       0x54 C:/Program Files (x86)/Atmel/Studio/7.0/Packs/atmel/ATmega_DFP/1.3.300/gcc/dev/atmega32/avr5/crtatmega32.o
                0x00000000                __vector_default
                0x00000000                __vectors
 *(.vectors)
 *(.progmem.gcc*)
                0x00000054                . = ALIGN (0x2)
                0x00000054                __trampolines_start = .
 *(.trampolines)
 .trampolines   0x00000054        0x0 linker stubs
 *(.trampolines*)
                0x00000054                __trampolines_end = .
 *libprintf_flt.a:*(.progmem.data)
 *libc.a:*(.progmem.data)
 *(.progmem*)
                0x00000054                . = ALIGN (0x2)
 *(.jumptables)
 *(.jumptables*)
 *(.lowtext)
 *(.lowtext*)
                0x00000054                __ctors_start = .
 *(.ctors)
                0x00000054                __ctors_end = .
                0x00000054                __dtors_start = .
 *(.dtors)
                0x00000054                __dtors_end = .
 SORT(*)(.ctors)
 SORT(*)(.dtors)
 *(.init0)
 .init0         0x00000054        0x0 C:/Program Files (x86)/Atmel/Studio/7.0/Packs/atmel/ATmega_DFP/1.3.300/gcc/dev/atmega32/avr5/crtatmega32.o
                0x00000054                __init
 *(.init0)
 *(.init1)
 *(.init1)
 *(.init2)
 .init2         0x00000054        0xc C:/Program Files (x86)/Atmel/Studio/7.0/Packs/atmel/ATmega_DFP/1.3.300/gcc/dev/atmega32/avr5/crtatmega32.o
 *(.init2)
 *(.init3)
 *(.init3)
 *(.init4)
 .init4         0x00000060       0x16 c:/program files (x86)/atmel/studio/7.0/toolchain/avr8/avr8-gnu-toolchain/bin/../lib/gcc/avr/5.4.0/avr5\libgcc.a(_copy_data.o)
                0x00000060                __do_copy_data
 .init4         0x00000076       0x10 c:/program files (x86)/atmel/studio/7.0/toolchain/avr8/avr8-gnu-toolchain/bin/../lib/gcc/avr/5.4.0/avr5\libgcc.a(_clear_bss.o)
                0x00000076                __do_clear_bss
 *(.init4)
 *(.init5)
 *(.init5)
 *(.init6)
 *(.init6)
 *(.init7)
 *(.init7)
 *(.init8)
 *(.init8)
 *(.init9)
 .init9         0x00000086        0x8 C:/Program Files (x86)/Atmel/Studio/7.0/Packs/atmel/ATmega_DFP/1.3.300/gcc/dev/atmega32/avr5/crtatmega32.o
 *(.init9)
 *(.text)
 .text          0x0000008e        0x4 C:/Program Files (x86)/Atmel/Studio/7.0/Packs/atmel/ATmega_DFP/1.3.300/gcc/dev/atmega32/avr5/crtatmega32.o
                0x0000008e                __vector_12
                0x0000008e                __bad_interrupt
                0x0000008e                __vector_6
                0x0000008e                __vector_13
                0x0000008e                __vector_17
                0x0000008e                __vector_19
                0x0000008e                __vector_15
                0x0000008e                __vector_14
                0x0000008e                __vector_18
                0x0000008e                __vector_20
                0x00000092                . = ALIGN (0x2)
 *(.text.*)
 .text.ADC_enuInit
                0x00000092       0x10 ADC_program.o
                0x00000092                ADC_enuInit
 .text.ADC_enuEnableADC
                0x000000a2        0x6 ADC_program.o
                0x000000a2                ADC_enuEnableADC
 .text.ADC_enuEnableADC_Intrrupt
                0x000000a8        0x6 ADC_program.o
                0x000000a8                ADC_enuEnableADC_Intrrupt
 .text.ADC_enuChannelSelect
                0x000000ae       0x18 ADC_program.o
                0x000000ae                ADC_enuChannelSelect
 .text.ADC_enuAutoTriggerSource
                0x000000c6       0x2a ADC_program.o
                0x000000c6                ADC_enuAutoTriggerSource
 .text.ADC_enuReadDataRegister
                0x000000f0       0x2a ADC_program.o
                0x000000f0                ADC_enuReadDataRegister
 .text.ADC_enuCallBack
                0x0000011a       0x14 ADC_program.o
                0x0000011a                ADC_enuCallBack
 .text.__vector_16
                0x0000012e       0x52 ADC_program.o
                0x0000012e                __vector_16
 .text.DIO_enuInit
                0x00000180        0xc DIO_program.o
                0x00000180                DIO_enuInit
 .text.DIO_enuSetPinDirection
                0x0000018c       0xf4 DIO_program.o
                0x0000018c                DIO_enuSetPinDirection
 .text.DIO_enuSetPinValue
                0x00000280       0xf4 DIO_program.o
                0x00000280                DIO_enuSetPinValue
 .text.DIO_enuGetPinValue
                0x00000374       0x8e DIO_program.o
                0x00000374                DIO_enuGetPinValue
 .text.DIO_enuTogPinValue
                0x00000402       0x84 DIO_program.o
                0x00000402                DIO_enuTogPinValue
 .text.EEPROM_enuReadByteFromAddress
                0x00000486       0x12 EEPROM_program.o
                0x00000486                EEPROM_enuReadByteFromAddress
 .text.EEPROM_enuWriteByteToAddress
                0x00000498       0x18 EEPROM_program.o
                0x00000498                EEPROM_enuWriteByteToAddress
 .text.EXTI_enuInit
                0x000004b0       0xf8 EXTI_program.o
                0x000004b0                EXTI_enuInit
 .text.EXTI_enuEnableInterrupt
                0x000005a8       0x2e EXTI_program.o
                0x000005a8                EXTI_enuEnableInterrupt
 .text.GIE_enu_Init
                0x000005d6       0x10 GIE_program.o
                0x000005d6                GIE_enu_Init
 .text.GIE_enu_Enable
                0x000005e6        0xa GIE_program.o
                0x000005e6                GIE_enu_Enable
 .text.HEAT_COOL_ELEMENTS_enuIniti
                0x000005f0       0x2c HEAT_COOL_Elements_program.o
                0x000005f0                HEAT_COOL_ELEMENTS_enuIniti
 .text.HEAT_COOL_ELEMENTS_enuHeaterStart
                0x0000061c        0xe HEAT_COOL_Elements_program.o
                0x0000061c                HEAT_COOL_ELEMENTS_enuHeaterStart
 .text.HEAT_COOL_ELEMENTS_enuHeaterStop
                0x0000062a        0xe HEAT_COOL_Elements_program.o
                0x0000062a                HEAT_COOL_ELEMENTS_enuHeaterStop
 .text.HEAT_COOL_ELEMENTS_enuCoolerStart
                0x00000638        0xe HEAT_COOL_Elements_program.o
                0x00000638                HEAT_COOL_ELEMENTS_enuCoolerStart
 .text.HEAT_COOL_ELEMENTS_enuCoolerStop
                0x00000646        0xe HEAT_COOL_Elements_program.o
                0x00000646                HEAT_COOL_ELEMENTS_enuCoolerStop
 .text.LCD_enuWriteNLatch
                0x00000654      0x160 LCD_program.o
 .text.LCD_enuInit
                0x000007b4       0xc4 LCD_program.o
                0x000007b4                LCD_enuInit
 .text.LCD_enuSendCommand
                0x00000878       0x1a LCD_program.o
                0x00000878                LCD_enuSendCommand
 .text.LCD_enuSendpcString
                0x00000892       0x2c LCD_program.o
                0x00000892                LCD_enuSendpcString
 .text.LCD_enuDisplayIntegerNum
                0x000008be      0x112 LCD_program.o
                0x000008be                LCD_enuDisplayIntegerNum
 .text.LCD_enuClearDisplay
                0x000009d0       0x1a LCD_program.o
                0x000009d0                LCD_enuClearDisplay
 .text.LED_SYSTEM_enuIniti
                0x000009ea       0x18 LED_SYSTEM_program.o
                0x000009ea                LED_SYSTEM_enuIniti
 .text.LED_SYSTEM_enuLedStart
                0x00000a02        0xe LED_SYSTEM_program.o
                0x00000a02                LED_SYSTEM_enuLedStart
 .text.LED_SYSTEM_enuLedToggle
                0x00000a10        0xc LED_SYSTEM_program.o
                0x00000a10                LED_SYSTEM_enuLedToggle
 .text.LED_SYSTEM_enuLedStop
                0x00000a1c        0xe LED_SYSTEM_program.o
                0x00000a1c                LED_SYSTEM_enuLedStop
 .text.main     0x00000a2a       0x26 main.o
                0x00000a2a                main
 .text.SevenSegment_enuInit
                0x00000a50       0x9c SEVENSEGMENT_program.o
                0x00000a50                SevenSegment_enuInit
 .text.SevenSegment_enuDisplayNumber
                0x00000aec      0x14a SEVENSEGMENT_program.o
                0x00000aec                SevenSegment_enuDisplayNumber
 .text.SevenSegment_enuEnableCommon
                0x00000c36       0x38 SEVENSEGMENT_program.o
                0x00000c36                SevenSegment_enuEnableCommon
 .text.SevenSegment_enuDisableCommon
                0x00000c6e       0x38 SEVENSEGMENT_program.o
                0x00000c6e                SevenSegment_enuDisableCommon
 .text.SevenSegment_Write
                0x00000ca6       0x74 SEVENSEGMENT_program.o
                0x00000ca6                SevenSegment_Write
 .text.SWITCH_enuIniti
                0x00000d1a       0x38 SWITCH_program.o
                0x00000d1a                SWITCH_enuIniti
 .text.SYSTEM_vFiveSecondsInSettingMode
                0x00000d52       0x24 SYSTEM_program.o
                0x00000d52                SYSTEM_vFiveSecondsInSettingMode
 .text.SYSTEM_enuGetTemp
                0x00000d76       0x38 SYSTEM_program.o
                0x00000d76                SYSTEM_enuGetTemp
 .text.SYSTEM_enuCalculateAverateTemp
                0x00000dae       0x3c SYSTEM_program.o
                0x00000dae                SYSTEM_enuCalculateAverateTemp
 .text.SYSTEM_enuAddNewTemp
                0x00000dea       0x3e SYSTEM_program.o
                0x00000dea                SYSTEM_enuAddNewTemp
 .text.SYSTEM_enuInit
                0x00000e28      0x18e SYSTEM_program.o
                0x00000e28                SYSTEM_enuInit
 .text.SYSTEM_vTogSevenSeg
                0x00000fb6       0x12 SYSTEM_program.o
                0x00000fb6                SYSTEM_vTogSevenSeg
 .text.LED_SYSTEM_enuSystemToggle
                0x00000fc8       0x4e SYSTEM_program.o
                0x00000fc8                LED_SYSTEM_enuSystemToggle
 .text.SYSTEM_enuChangeTemp
                0x00001016       0x62 SYSTEM_program.o
                0x00001016                SYSTEM_enuChangeTemp
 .text.SYSTEM_enuOnState
                0x00001078       0xe4 SYSTEM_program.o
                0x00001078                SYSTEM_enuOnState
 .text.SYSTEM_enuSettingState
                0x0000115c       0xde SYSTEM_program.o
                0x0000115c                SYSTEM_enuSettingState
 .text.SYSTEM_enuSleepMode
                0x0000123a        0xc SYSTEM_program.o
                0x0000123a                SYSTEM_enuSleepMode
 .text.SYSTEM_enuOffState
                0x00001246       0x28 SYSTEM_program.o
                0x00001246                SYSTEM_enuOffState
 .text.__vector_1
                0x0000126e       0x26 SYSTEM_program.o
                0x0000126e                __vector_1
 .text.__vector_2
                0x00001294       0x26 SYSTEM_program.o
                0x00001294                __vector_2
 .text.__vector_3
                0x000012ba       0x78 SYSTEM_program.o
                0x000012ba                __vector_3
 .text.__vector_4
                0x00001332       0x4e SYSTEM_program.o
                0x00001332                __vector_4
 .text.TempSensor_RiseFlag
                0x00001380        0x8 TEMP_SENSOR_program.o
                0x00001380                TempSensor_RiseFlag
 .text.TempSensor_enuInit
                0x00001388      0x138 TEMP_SENSOR_program.o
                0x00001388                TempSensor_enuInit
 .text.TempSensor_enuGetTempReading
                0x000014c0       0x64 TEMP_SENSOR_program.o
                0x000014c0                TempSensor_enuGetTempReading
 .text.TIMER0_enuInit
                0x00001524       0x20 TIMER_program.o
                0x00001524                TIMER0_enuInit
 .text.TIMER0_enuInterruptEnable
                0x00001544        0xe TIMER_program.o
                0x00001544                TIMER0_enuInterruptEnable
 .text.TIMER0_enuStartTimer
                0x00001552       0x16 TIMER_program.o
                0x00001552                TIMER0_enuStartTimer
 .text.TIMER0_enuSetCallBackDelay
                0x00001568       0x1c TIMER_program.o
                0x00001568                TIMER0_enuSetCallBackDelay
 .text.__vector_11
                0x00001584       0x9a TIMER_program.o
                0x00001584                __vector_11
 .text.__vector_10
                0x0000161e       0xb0 TIMER_program.o
                0x0000161e                __vector_10
 .text.TIMER2_enuInit
                0x000016ce       0x26 TIMER_program.o
                0x000016ce                TIMER2_enuInit
 .text.TIMER2_enuInterruptEnable
                0x000016f4        0xe TIMER_program.o
                0x000016f4                TIMER2_enuInterruptEnable
 .text.TIMER2_enuStartTimer
                0x00001702       0x16 TIMER_program.o
                0x00001702                TIMER2_enuStartTimer
 .text.__vector_5
                0x00001718       0x9a TIMER_program.o
                0x00001718                __vector_5
 .text.TIMER1_enuInit
                0x000017b2       0x40 TIMER_program.o
                0x000017b2                TIMER1_enuInit
 .text.TIMER1_enuInterruptEnable
                0x000017f2       0x14 TIMER_program.o
                0x000017f2                TIMER1_enuInterruptEnable
 .text.TIMER1_enuStartTimer
                0x00001806       0x16 TIMER_program.o
                0x00001806                TIMER1_enuStartTimer
 .text.TIMER1_enuSetCallBackDelay
                0x0000181c       0x1c TIMER_program.o
                0x0000181c                TIMER1_enuSetCallBackDelay
 .text.__vector_9
                0x00001838       0xae TIMER_program.o
                0x00001838                __vector_9
 .text.__vector_7
                0x000018e6       0xa2 TIMER_program.o
                0x000018e6                __vector_7
 .text.__vector_8
                0x00001988       0x7a TIMER_program.o
                0x00001988                __vector_8
 .text.avr-libc.fplib
                0x00001a02        0xa c:/program files (x86)/atmel/studio/7.0/toolchain/avr8/avr8-gnu-toolchain/bin/../lib/gcc/avr/5.4.0/../../../../avr/lib/avr5\libm.a(cmpsf2.o)
                0x00001a02                __nesf2
                0x00001a02                __eqsf2
                0x00001a02                __cmpsf2
                0x00001a02                __ltsf2
                0x00001a02                __lesf2
 .text.avr-libc.fplib
                0x00001a0c       0x7a c:/program files (x86)/atmel/studio/7.0/toolchain/avr8/avr8-gnu-toolchain/bin/../lib/gcc/avr/5.4.0/../../../../avr/lib/avr5\libm.a(floatsisf.o)
                0x00001a0c                __floatunsisf
                0x00001a10                __floatsisf
 .text.avr-libc.fplib
                0x00001a86       0x48 c:/program files (x86)/atmel/studio/7.0/toolchain/avr8/avr8-gnu-toolchain/bin/../lib/gcc/avr/5.4.0/../../../../avr/lib/avr5\libm.a(fp_cmp.o)
                0x00001a86                __fp_cmp
 .text.libgcc.div
                0x00001ace       0x44 c:/program files (x86)/atmel/studio/7.0/toolchain/avr8/avr8-gnu-toolchain/bin/../lib/gcc/avr/5.4.0/avr5\libgcc.a(_udivmodsi4.o)
                0x00001ace                __udivmodsi4
 .text.libgcc.div
                0x00001b12       0x2e c:/program files (x86)/atmel/studio/7.0/toolchain/avr8/avr8-gnu-toolchain/bin/../lib/gcc/avr/5.4.0/avr5\libgcc.a(_divmodsi4.o)
                0x00001b12                __divmodsi4
 .text.libgcc.div
                0x00001b40       0x10 c:/program files (x86)/atmel/studio/7.0/toolchain/avr8/avr8-gnu-toolchain/bin/../lib/gcc/avr/5.4.0/avr5\libgcc.a(_negsi2.o)
                0x00001b40                __negsi2
 .text.libgcc.mul
                0x00001b50       0x1e c:/program files (x86)/atmel/studio/7.0/toolchain/avr8/avr8-gnu-toolchain/bin/../lib/gcc/avr/5.4.0/avr5\libgcc.a(_umulhisi3.o)
                0x00001b50                __umulhisi3
                0x00001b6e                . = ALIGN (0x2)
 *(.fini9)
 .fini9         0x00001b6e        0x0 c:/program files (x86)/atmel/studio/7.0/toolchain/avr8/avr8-gnu-toolchain/bin/../lib/gcc/avr/5.4.0/avr5\libgcc.a(_exit.o)
                0x00001b6e                _exit
                0x00001b6e                exit
 *(.fini9)
 *(.fini8)
 *(.fini8)
 *(.fini7)
 *(.fini7)
 *(.fini6)
 *(.fini6)
 *(.fini5)
 *(.fini5)
 *(.fini4)
 *(.fini4)
 *(.fini3)
 *(.fini3)
 *(.fini2)
 *(.fini2)
 *(.fini1)
 *(.fini1)
 *(.fini0)
 .fini0         0x00001b6e        0x4 c:/program files (x86)/atmel/studio/7.0/toolchain/avr8/avr8-gnu-toolchain/bin/../lib/gcc/avr/5.4.0/avr5\libgcc.a(_exit.o)
 *(.fini0)
                0x00001b72                _etext = .

.data           0x00800060      0x12c load address 0x00001b72
                0x00800060                PROVIDE (__data_start, .)
 *(.data)
 *(.data*)
 .data.EXTI_AstrEXTIConfig
                0x00800060        0x6 EXTI_config.o
                0x00800060                EXTI_AstrEXTIConfig
 .data.SEVENSEGMENT_AstrSevenSegmentConfig
                0x00800066       0x26 SEVENSEGMENT_config.o
                0x00800066                SEVENSEGMENT_AstrSevenSegmentConfig
 .data.SWITCH_AstrSwitchConfig
                0x0080008c        0x9 SWITCH_config.o
                0x0080008c                SWITCH_AstrSwitchConfig
 *(.gnu.linkonce.d*)
 *(.rodata)
 *(.rodata*)
 .rodata.SEVENSEGMENT_Au8_tCOMMON_CATHODE_VALUES
                0x00800095       0x10 SEVENSEGMENT_program.o
 .rodata.str1.1
                0x008000a5       0xe6 SYSTEM_program.o
                                 0xf7 (size before relaxing)
 *(.gnu.linkonce.r*)
                0x0080018c                . = ALIGN (0x2)
 *fill*         0x0080018b        0x1 
                0x0080018c                _edata = .
                0x0080018c                PROVIDE (__data_end, .)

.bss            0x0080018c       0x55
                0x0080018c                PROVIDE (__bss_start, .)
 *(.bss)
 *(.bss*)
 .bss.ADC_pfunISRFun
                0x0080018c        0x2 ADC_program.o
 .bss.Global_u16_tFive_SecondCounter
                0x0080018e        0x2 SYSTEM_program.o
                0x0080018e                Global_u16_tFive_SecondCounter
 .bss.TempSensor_u8_tFlag
                0x00800190        0x1 TEMP_SENSOR_program.o
 .bss.TIMER1_u16_tDELAY_MILEOSECOND
                0x00800191        0x2 TIMER_program.o
 .bss.TIMER0_u16_tDELAY_MILEOSECOND
                0x00800193        0x2 TIMER_program.o
 .bss.Global_u32_tCounterOVF2
                0x00800195        0x4 TIMER_program.o
 .bss.Global_u32_tCounterOVF1
                0x00800199        0x4 TIMER_program.o
 .bss.Global_u32_tCounterCTC1B
                0x0080019d        0x2 TIMER_program.o
 .bss.Global_u32_tCounterCTC1A
                0x0080019f        0x2 TIMER_program.o
 .bss.Global_u32_tCounterCTC
                0x008001a1        0x4 TIMER_program.o
 .bss.Global_u32_tCounterOVF
                0x008001a5        0x4 TIMER_program.o
 .bss.Global_32_tTIMER1_CTCA_SecondsCounter
                0x008001a9        0x4 TIMER_program.o
                0x008001a9                Global_32_tTIMER1_CTCA_SecondsCounter
 .bss.Global_u16_tTimer0CTC_OneSecondCounter
                0x008001ad        0x2 TIMER_program.o
                0x008001ad                Global_u16_tTimer0CTC_OneSecondCounter
 .bss.TIMER2_pfunISRFun
                0x008001af        0x4 TIMER_program.o
 .bss.TIMER1_pfunISRFun
                0x008001b3        0x6 TIMER_program.o
 .bss.TIMER0_pfunISRFun
                0x008001b9        0x4 TIMER_program.o
 *(COMMON)
 COMMON         0x008001bd       0x24 SYSTEM_program.o
                0x008001bd                Global_u16_tOne_SecondToggleFlag
                0x008001bf                Global_u16_tDesiredTemp
                0x008001c1                Global_Au16_tTempArr
                0x008001d5                Global_u8_tUPSwitchFlag
                0x008001d6                Global_u8_tDOWNSwitchFlag
                0x008001d7                Global_u16_tTempRead
                0x008001d9                Global_u8_tArrCounter
                0x008001da                Global_u16_tFive_SecondToggleFlag
                0x008001dc                Global_u16_tAverageTemp
                0x008001de                Global_u8_tCurrentState
                0x008001df                Global_u8_tReadData
                0x008001e0                Global_u8_tTempMeasureFlag
                0x008001e1                PROVIDE (__bss_end, .)
                0x00001b72                __data_load_start = LOADADDR (.data)
                0x00001c9e                __data_load_end = (__data_load_start + SIZEOF (.data))

.noinit         0x008001e1        0x0
                [!provide]                PROVIDE (__noinit_start, .)
 *(.noinit*)
                [!provide]                PROVIDE (__noinit_end, .)
                0x008001e1                _end = .
                [!provide]                PROVIDE (__heap_start, .)

.eeprom         0x00810000        0x0
 *(.eeprom*)
                0x00810000                __eeprom_end = .

.fuse
 *(.fuse)
 *(.lfuse)
 *(.hfuse)
 *(.efuse)

.lock
 *(.lock*)

.signature
 *(.signature*)

.user_signatures
 *(.user_signatures*)

.stab
 *(.stab)

.stabstr
 *(.stabstr)

.stab.excl
 *(.stab.excl)

.stab.exclstr
 *(.stab.exclstr)

.stab.index
 *(.stab.index)

.stab.indexstr
 *(.stab.indexstr)

.comment        0x00000000       0x30
 *(.comment)
 .comment       0x00000000       0x30 ADC_program.o
                                 0x31 (size before relaxing)
 .comment       0x00000030       0x31 DIO_program.o
 .comment       0x00000030       0x31 EEPROM_program.o
 .comment       0x00000030       0x31 EXTI_config.o
 .comment       0x00000030       0x31 EXTI_program.o
 .comment       0x00000030       0x31 GIE_program.o
 .comment       0x00000030       0x31 HEAT_COOL_Elements_program.o
 .comment       0x00000030       0x31 LCD_program.o
 .comment       0x00000030       0x31 LED_SYSTEM_program.o
 .comment       0x00000030       0x31 main.o
 .comment       0x00000030       0x31 SEVENSEGMENT_config.o
 .comment       0x00000030       0x31 SEVENSEGMENT_program.o
 .comment       0x00000030       0x31 SWITCH_config.o
 .comment       0x00000030       0x31 SWITCH_program.o
 .comment       0x00000030       0x31 SYSTEM_program.o
 .comment       0x00000030       0x31 TEMP_SENSOR_program.o
 .comment       0x00000030       0x31 TIMER_program.o

.note.gnu.avr.deviceinfo
                0x00000000       0x3c
 .note.gnu.avr.deviceinfo
                0x00000000       0x3c C:/Program Files (x86)/Atmel/Studio/7.0/Packs/atmel/ATmega_DFP/1.3.300/gcc/dev/atmega32/avr5/crtatmega32.o

.note.gnu.build-id
 *(.note.gnu.build-id)

.debug
 *(.debug)

.line
 *(.line)

.debug_srcinfo
 *(.debug_srcinfo)

.debug_sfnames
 *(.debug_sfnames)

.debug_aranges  0x00000000      0x4d8
 *(.debug_aranges)
 .debug_aranges
                0x00000000       0x80 ADC_program.o
 .debug_aranges
                0x00000080       0x40 DIO_program.o
 .debug_aranges
                0x000000c0       0x38 EEPROM_program.o
 .debug_aranges
                0x000000f8       0x18 EXTI_config.o
 .debug_aranges
                0x00000110       0x40 EXTI_program.o
 .debug_aranges
                0x00000150       0x30 GIE_program.o
 .debug_aranges
                0x00000180       0x48 HEAT_COOL_Elements_program.o
 .debug_aranges
                0x000001c8       0x60 LCD_program.o
 .debug_aranges
                0x00000228       0x38 LED_SYSTEM_program.o
 .debug_aranges
                0x00000260       0x20 main.o
 .debug_aranges
                0x00000280       0x18 SEVENSEGMENT_config.o
 .debug_aranges
                0x00000298       0x60 SEVENSEGMENT_program.o
 .debug_aranges
                0x000002f8       0x18 SWITCH_config.o
 .debug_aranges
                0x00000310       0x28 SWITCH_program.o
 .debug_aranges
                0x00000338       0x98 SYSTEM_program.o
 .debug_aranges
                0x000003d0       0x30 TEMP_SENSOR_program.o
 .debug_aranges
                0x00000400       0xd8 TIMER_program.o

.debug_pubnames
 *(.debug_pubnames)

.debug_info     0x00000000     0x5207
 *(.debug_info .gnu.linkonce.wi.*)
 .debug_info    0x00000000      0x4e6 C:/Program Files (x86)/Atmel/Studio/7.0/Packs/atmel/ATmega_DFP/1.3.300/gcc/dev/atmega32/avr5/crtatmega32.o
 .debug_info    0x000004e6      0x37a ADC_program.o
 .debug_info    0x00000860      0x24f DIO_program.o
 .debug_info    0x00000aaf      0x259 EEPROM_program.o
 .debug_info    0x00000d08      0x104 EXTI_config.o
 .debug_info    0x00000e0c      0x2bc EXTI_program.o
 .debug_info    0x000010c8      0x154 GIE_program.o
 .debug_info    0x0000121c      0x35f HEAT_COOL_Elements_program.o
 .debug_info    0x0000157b      0xd6c LCD_program.o
 .debug_info    0x000022e7      0x297 LED_SYSTEM_program.o
 .debug_info    0x0000257e      0x100 main.o
 .debug_info    0x0000267e      0x254 SEVENSEGMENT_config.o
 .debug_info    0x000028d2      0x908 SEVENSEGMENT_program.o
 .debug_info    0x000031da      0x148 SWITCH_config.o
 .debug_info    0x00003322      0x282 SWITCH_program.o
 .debug_info    0x000035a4     0x11b2 SYSTEM_program.o
 .debug_info    0x00004756      0x3d6 TEMP_SENSOR_program.o
 .debug_info    0x00004b2c      0x6db TIMER_program.o

.debug_abbrev   0x00000000     0x15c0
 *(.debug_abbrev)
 .debug_abbrev  0x00000000      0x4a3 C:/Program Files (x86)/Atmel/Studio/7.0/Packs/atmel/ATmega_DFP/1.3.300/gcc/dev/atmega32/avr5/crtatmega32.o
 .debug_abbrev  0x000004a3      0x100 ADC_program.o
 .debug_abbrev  0x000005a3       0xc1 DIO_program.o
 .debug_abbrev  0x00000664       0xae EEPROM_program.o
 .debug_abbrev  0x00000712       0x7f EXTI_config.o
 .debug_abbrev  0x00000791       0xda EXTI_program.o
 .debug_abbrev  0x0000086b       0x8b GIE_program.o
 .debug_abbrev  0x000008f6       0xa7 HEAT_COOL_Elements_program.o
 .debug_abbrev  0x0000099d      0x1fd LCD_program.o
 .debug_abbrev  0x00000b9a       0xa7 LED_SYSTEM_program.o
 .debug_abbrev  0x00000c41       0x86 main.o
 .debug_abbrev  0x00000cc7       0x8e SEVENSEGMENT_config.o
 .debug_abbrev  0x00000d55      0x1d7 SEVENSEGMENT_program.o
 .debug_abbrev  0x00000f2c       0x7f SWITCH_config.o
 .debug_abbrev  0x00000fab      0x102 SWITCH_program.o
 .debug_abbrev  0x000010ad      0x2b0 SYSTEM_program.o
 .debug_abbrev  0x0000135d       0xf1 TEMP_SENSOR_program.o
 .debug_abbrev  0x0000144e      0x172 TIMER_program.o

.debug_line     0x00000000     0x27fd
 *(.debug_line .debug_line.* .debug_line_end)
 .debug_line    0x00000000      0x115 C:/Program Files (x86)/Atmel/Studio/7.0/Packs/atmel/ATmega_DFP/1.3.300/gcc/dev/atmega32/avr5/crtatmega32.o
 .debug_line    0x00000115      0x256 ADC_program.o
 .debug_line    0x0000036b      0x2cc DIO_program.o
 .debug_line    0x00000637      0x156 EEPROM_program.o
 .debug_line    0x0000078d       0x62 EXTI_config.o
 .debug_line    0x000007ef      0x3a4 EXTI_program.o
 .debug_line    0x00000b93       0xb0 GIE_program.o
 .debug_line    0x00000c43      0x11e HEAT_COOL_Elements_program.o
 .debug_line    0x00000d61      0x4b1 LCD_program.o
 .debug_line    0x00001212       0xd1 LED_SYSTEM_program.o
 .debug_line    0x000012e3       0x8e main.o
 .debug_line    0x00001371       0x8d SEVENSEGMENT_config.o
 .debug_line    0x000013fe      0x47a SEVENSEGMENT_program.o
 .debug_line    0x00001878       0x67 SWITCH_config.o
 .debug_line    0x000018df       0xc9 SWITCH_program.o
 .debug_line    0x000019a8      0x827 SYSTEM_program.o
 .debug_line    0x000021cf      0x16b TEMP_SENSOR_program.o
 .debug_line    0x0000233a      0x4c3 TIMER_program.o

.debug_frame    0x00000000      0xc10
 *(.debug_frame)
 .debug_frame   0x00000000      0x12c ADC_program.o
 .debug_frame   0x0000012c       0x64 DIO_program.o
 .debug_frame   0x00000190       0x54 EEPROM_program.o
 .debug_frame   0x000001e4       0x64 EXTI_program.o
 .debug_frame   0x00000248       0x44 GIE_program.o
 .debug_frame   0x0000028c       0x74 HEAT_COOL_Elements_program.o
 .debug_frame   0x00000300      0x158 LCD_program.o
 .debug_frame   0x00000458       0x54 LED_SYSTEM_program.o
 .debug_frame   0x000004ac       0x24 main.o
 .debug_frame   0x000004d0      0x158 SEVENSEGMENT_program.o
 .debug_frame   0x00000628       0x48 SWITCH_program.o
 .debug_frame   0x00000670      0x1c4 SYSTEM_program.o
 .debug_frame   0x00000834       0x98 TEMP_SENSOR_program.o
 .debug_frame   0x000008cc      0x344 TIMER_program.o

.debug_str      0x00000000     0x19b4
 *(.debug_str)
 .debug_str     0x00000000      0x196 C:/Program Files (x86)/Atmel/Studio/7.0/Packs/atmel/ATmega_DFP/1.3.300/gcc/dev/atmega32/avr5/crtatmega32.o
 .debug_str     0x00000196      0x382 ADC_program.o
                                0x3b0 (size before relaxing)
 .debug_str     0x00000518       0xc0 DIO_program.o
                                0x2ea (size before relaxing)
 .debug_str     0x000005d8       0xf3 EEPROM_program.o
                                0x323 (size before relaxing)
 .debug_str     0x000006cb       0x92 EXTI_config.o
                                0x1ff (size before relaxing)
 .debug_str     0x0000075d       0xbe EXTI_program.o
                                0x363 (size before relaxing)
 .debug_str     0x0000081b       0x3f GIE_program.o
                                0x269 (size before relaxing)
 .debug_str     0x0000085a      0x1f4 HEAT_COOL_Elements_program.o
                                0x442 (size before relaxing)
 .debug_str     0x00000a4e      0x249 LCD_program.o
                                0x5f0 (size before relaxing)
 .debug_str     0x00000c97       0x73 LED_SYSTEM_program.o
                                0x3ce (size before relaxing)
 .debug_str     0x00000d0a       0x74 main.o
                                0x1e1 (size before relaxing)
 .debug_str     0x00000d7e      0x16b SEVENSEGMENT_config.o
                                0x3d9 (size before relaxing)
 .debug_str     0x00000ee9      0x1db SEVENSEGMENT_program.o
                                0x6ca (size before relaxing)
 .debug_str     0x000010c4       0x4a SWITCH_config.o
                                0x2b8 (size before relaxing)
 .debug_str     0x0000110e       0x65 SWITCH_program.o
                                0x405 (size before relaxing)
 .debug_str     0x00001173      0x40f SYSTEM_program.o
                                0xc3c (size before relaxing)
 .debug_str     0x00001582       0xb7 TEMP_SENSOR_program.o
                                0x539 (size before relaxing)
 .debug_str     0x00001639      0x37b TIMER_program.o
                                0x6b9 (size before relaxing)

.debug_loc      0x00000000     0x3092
 *(.debug_loc)
 .debug_loc     0x00000000      0x351 ADC_program.o
 .debug_loc     0x00000351      0x3a3 DIO_program.o
 .debug_loc     0x000006f4      0x13c EEPROM_program.o
 .debug_loc     0x00000830      0x363 EXTI_program.o
 .debug_loc     0x00000b93       0x6a GIE_program.o
 .debug_loc     0x00000bfd       0xc0 HEAT_COOL_Elements_program.o
 .debug_loc     0x00000cbd      0x8f7 LCD_program.o
 .debug_loc     0x000015b4       0x80 LED_SYSTEM_program.o
 .debug_loc     0x00001634      0x8ad SEVENSEGMENT_program.o
 .debug_loc     0x00001ee1      0x13b SWITCH_program.o
 .debug_loc     0x0000201c      0x634 SYSTEM_program.o
 .debug_loc     0x00002650      0x2f4 TEMP_SENSOR_program.o
 .debug_loc     0x00002944      0x74e TIMER_program.o

.debug_macinfo
 *(.debug_macinfo)

.debug_weaknames
 *(.debug_weaknames)

.debug_funcnames
 *(.debug_funcnames)

.debug_typenames
 *(.debug_typenames)

.debug_varnames
 *(.debug_varnames)

.debug_pubtypes
 *(.debug_pubtypes)

.debug_ranges   0x00000000      0x3b0
 *(.debug_ranges)
 .debug_ranges  0x00000000       0x70 ADC_program.o
 .debug_ranges  0x00000070       0x30 DIO_program.o
 .debug_ranges  0x000000a0       0x28 EEPROM_program.o
 .debug_ranges  0x000000c8       0x30 EXTI_program.o
 .debug_ranges  0x000000f8       0x20 GIE_program.o
 .debug_ranges  0x00000118       0x38 HEAT_COOL_Elements_program.o
 .debug_ranges  0x00000150       0x50 LCD_program.o
 .debug_ranges  0x000001a0       0x28 LED_SYSTEM_program.o
 .debug_ranges  0x000001c8       0x10 main.o
 .debug_ranges  0x000001d8       0x50 SEVENSEGMENT_program.o
 .debug_ranges  0x00000228       0x18 SWITCH_program.o
 .debug_ranges  0x00000240       0x88 SYSTEM_program.o
 .debug_ranges  0x000002c8       0x20 TEMP_SENSOR_program.o
 .debug_ranges  0x000002e8       0xc8 TIMER_program.o

.debug_macro
 *(.debug_macro)
OUTPUT(Water Heater.elf elf32-avr)
LOAD linker stubs
